// Jest Snapshot v1, https://goo.gl/fbAQLP

exports[`post.rate should handle the request and create a new rating 1`] = `
[MockFunction] {
  "calls": [
    [
      {
        "data": undefined,
      },
    ],
  ],
  "results": [
    {
      "type": "return",
      "value": undefined,
    },
  ],
}
`;
